py : Creating test 
database for alias 
'default'...
En línea: 1 Carácter: 
1
+ py manage.py test 
stock > 
test_output.txt 2>&1
+ ~~~~~~~~~~~~~~~~~~~~
~~~~~~~~~~~~~~~~~~~~~~
~~~~
    + CategoryInfo    
          : NotSpeci  
  fied: (Creating t   
 est d...as 'defau    
lt'...:String) []    
, RemoteException
    + FullyQualifiedE 
   rrorId : NativeCo  
  mmandError
 

EEE
======================
======================
======================
====
ERROR: test_bulk_impor
t_logic (stock.tests.I
mportTest.test_bulk_im
port_logic)
----------------------
----------------------
----------------------
----
Traceback (most 
recent call last):
  File "C:\Users\Usuar
io\AppData\Local\Progr
ams\Python\Python313\L
ib\site-packages\djang
o\template\base.py", 
line 510, in parse
    compile_func = 
self.tags[command]
                   
~~~~~~~~~^^^^^^^^^
KeyError: 'static'

During handling of 
the above exception, 
another exception 
occurred:

Traceback (most 
recent call last):
  File "C:\Users\Usuar
io\Desktop\GARA\StockM
anager\stock\tests.py"
, line 48, in 
test_bulk_import_logic
    response = self.cl
ient.post('/import/', 
{'excel_file': file})
  File "C:\Users\Usuar
io\AppData\Local\Progr
ams\Python\Python313\L
ib\site-packages\djang
o\test\client.py", 
line 1153, in post
    response = 
super().post(
        path,
    ...<5 lines>...
        **extra,
    )
  File "C:\Users\Usuar
io\AppData\Local\Progr
ams\Python\Python313\L
ib\site-packages\djang
o\test\client.py", 
line 499, in post
    return 
self.generic(
           
~~~~~~~~~~~~^
        "POST",
        ^^^^^^^
    ...<6 lines>...
        **extra,
        ^^^^^^^^
    )
    ^
  File "C:\Users\Usuar
io\AppData\Local\Progr
ams\Python\Python313\L
ib\site-packages\djang
o\test\client.py", 
line 671, in generic
    return 
self.request(**r)
           
~~~~~~~~~~~~^^^^^
  File "C:\Users\Usuar
io\AppData\Local\Progr
ams\Python\Python313\L
ib\site-packages\djang
o\test\client.py", 
line 1087, in request
    self.check_excepti
on(response)
    ~~~~~~~~~~~~~~~~~~
~~^^^^^^^^^^
  File "C:\Users\Usuar
io\AppData\Local\Progr
ams\Python\Python313\L
ib\site-packages\djang
o\test\client.py", 
line 802, in 
check_exception
    raise exc_value
  File "C:\Users\Usuar
io\AppData\Local\Progr
ams\Python\Python313\L
ib\site-packages\djang
o\core\handlers\except
ion.py", line 55, in 
inner
    response = 
get_response(request)
  File "C:\Users\Usuar
io\AppData\Local\Progr
ams\Python\Python313\L
ib\site-packages\djang
o\core\handlers\base.p
y", line 220, in 
_get_response
    response = 
response.render()
  File "C:\Users\Usuar
io\AppData\Local\Progr
ams\Python\Python313\L
ib\site-packages\djang
o\template\response.py
", line 114, in render
    self.content = 
self.rendered_content
                   
^^^^^^^^^^^^^^^^^^^^^
  File "C:\Users\Usuar
io\AppData\Local\Progr
ams\Python\Python313\L
ib\site-packages\djang
o\template\response.py
", line 92, in 
rendered_content
    return template.re
nder(context, 
self._request)
           ~~~~~~~~~~~
~~~~^^^^^^^^^^^^^^^^^^
^^^^^^
  File "C:\Users\Usuar
io\AppData\Local\Progr
ams\Python\Python313\L
ib\site-packages\djang
o\template\backends\dj
ango.py", line 107, 
in render
    return self.templa
te.render(context)
           ~~~~~~~~~~~
~~~~~~~~~^^^^^^^^^
  File "C:\Users\Usuar
io\AppData\Local\Progr
ams\Python\Python313\L
ib\site-packages\djang
o\template\base.py", 
line 171, in render
    return 
self._render(context)
           
~~~~~~~~~~~~^^^^^^^^^
  File "C:\Users\Usuar
io\AppData\Local\Progr
ams\Python\Python313\L
ib\site-packages\djang
o\test\utils.py", 
line 114, in instrumen
ted_test_render
    return self.nodeli
st.render(context)
           ~~~~~~~~~~~
~~~~~~~~~^^^^^^^^^
  File "C:\Users\Usuar
io\AppData\Local\Progr
ams\Python\Python313\L
ib\site-packages\djang
o\template\base.py", 
line 1016, in render
    return SafeString(
"".join([node.render_a
nnotated(context) for 
node in self]))
                      
         ~~~~~~~~~~~~~
~~~~~~~~^^^^^^^^^
  File "C:\Users\Usuar
io\AppData\Local\Progr
ams\Python\Python313\L
ib\site-packages\djang
o\template\base.py", 
line 977, in 
render_annotated
    return 
self.render(context)
           
~~~~~~~~~~~^^^^^^^^^
  File "C:\Users\Usuar
io\AppData\Local\Progr
ams\Python\Python313\L
ib\site-packages\djang
o\template\loader_tags
.py", line 134, in 
render
    compiled_parent = 
self.get_parent(contex
t)
  File "C:\Users\Usuar
io\AppData\Local\Progr
ams\Python\Python313\L
ib\site-packages\djang
o\template\loader_tags
.py", line 131, in 
get_parent
    return self.find_t
emplate(parent, 
context)
           ~~~~~~~~~~~
~~~~~~~^^^^^^^^^^^^^^^
^^
  File "C:\Users\Usuar
io\AppData\Local\Progr
ams\Python\Python313\L
ib\site-packages\djang
o\template\loader_tags
.py", line 109, in 
find_template
    template, origin 
= context.template.eng
ine.find_template(
                      
 ~~~~~~~~~~~~~~~~~~~~~
~~~~~~~~~~~~~~~~^
        template_name,
        ^^^^^^^^^^^^^^
        skip=history,
        ^^^^^^^^^^^^^
    )
    ^
  File "C:\Users\Usuar
io\AppData\Local\Progr
ams\Python\Python313\L
ib\site-packages\djang
o\template\engine.py",
 line 159, in 
find_template
    template = loader.
get_template(name, 
skip=skip)
  File "C:\Users\Usuar
io\AppData\Local\Progr
ams\Python\Python313\L
ib\site-packages\djang
o\template\loaders\cac
hed.py", line 57, in 
get_template
    template = super()
.get_template(template
_name, skip)
  File "C:\Users\Usuar
io\AppData\Local\Progr
ams\Python\Python313\L
ib\site-packages\djang
o\template\loaders\bas
e.py", line 28, in 
get_template
    return Template(
        contents,
    ...<2 lines>...
        self.engine,
    )
  File "C:\Users\Usuar
io\AppData\Local\Progr
ams\Python\Python313\L
ib\site-packages\djang
o\template\base.py", 
line 154, in __init__
    self.nodelist = se
lf.compile_nodelist()
                    ~~
~~~~~~~~~~~~~~~~~~~^^
  File "C:\Users\Usuar
io\AppData\Local\Progr
ams\Python\Python313\L
ib\site-packages\djang
o\template\base.py", 
line 196, in 
compile_nodelist
    nodelist = 
parser.parse()
  File "C:\Users\Usuar
io\AppData\Local\Progr
ams\Python\Python313\L
ib\site-packages\djang
o\template\base.py", 
line 512, in parse
    self.invalid_block
_tag(token, command, 
parse_until)
    ~~~~~~~~~~~~~~~~~~
~~~~^^^^^^^^^^^^^^^^^^
^^^^^^^^^^^
  File "C:\Users\Usuar
io\AppData\Local\Progr
ams\Python\Python313\L
ib\site-packages\djang
o\template\base.py", 
line 577, in 
invalid_block_tag
    raise self.error(
    ...<3 lines>...
    )
django.template.except
ions.TemplateSyntaxErr
or: Invalid block tag 
on line 7: 'static'. 
Did you forget to 
register or load this 
tag?

======================
======================
======================
====
ERROR: test_item_creat
ion_generates_code (st
ock.tests.ItemModelTes
t.test_item_creation_g
enerates_code)
----------------------
----------------------
----------------------
----
Traceback (most 
recent call last):
  File "C:\Users\Usuar
io\Desktop\GARA\StockM
anager\stock\tests.py"
, line 13, in test_ite
m_creation_generates_c
ode
    item = Item.object
s.create(name="Laptop"
, category=self.catego
ry, quantity=10)
  File "C:\Users\Usuar
io\AppData\Local\Progr
ams\Python\Python313\L
ib\site-packages\djang
o\db\models\manager.py
", line 87, in 
manager_method
    return getattr(sel
f.get_queryset(), 
name)(*args, **kwargs)
           ~~~~~~~~~~~
~~~~~~~~~~~~~~~~~~~~~~
~^^^^^^^^^^^^^^^^^
  File "C:\Users\Usuar
io\AppData\Local\Progr
ams\Python\Python313\L
ib\site-packages\djang
o\db\models\query.py",
 line 663, in create
    obj.save(force_ins
ert=True, 
using=self.db)
    ~~~~~~~~^^^^^^^^^^
^^^^^^^^^^^^^^^^^^^^^^
^^
  File "C:\Users\Usuar
io\Desktop\GARA\StockM
anager\stock\models.py
", line 66, in save
    
super().save(*args, 
**kwargs)
    ~~~~~~~~~~~~^^^^^^
^^^^^^^^^^^
  File "C:\Users\Usuar
io\AppData\Local\Progr
ams\Python\Python313\L
ib\site-packages\djang
o\db\models\base.py", 
line 902, in save
    self.save_base(
    ~~~~~~~~~~~~~~^
        using=using,
        ^^^^^^^^^^^^
    ...<2 lines>...
        update_fields=
update_fields,
        ^^^^^^^^^^^^^^
^^^^^^^^^^^^^^
    )
    ^
  File "C:\Users\Usuar
io\AppData\Local\Progr
ams\Python\Python313\L
ib\site-packages\djang
o\db\models\base.py", 
line 1008, in 
save_base
    updated = 
self._save_table(
        raw,
    ...<4 lines>...
        update_fields,
    )
  File "C:\Users\Usuar
io\AppData\Local\Progr
ams\Python\Python313\L
ib\site-packages\djang
o\db\models\base.py", 
line 1169, in 
_save_table
    results = 
self._do_insert(
        
cls._base_manager, 
using, fields, 
returning_fields, raw
    )
  File "C:\Users\Usuar
io\AppData\Local\Progr
ams\Python\Python313\L
ib\site-packages\djang
o\db\models\base.py", 
line 1210, in 
_do_insert
    return 
manager._insert(
           
~~~~~~~~~~~~~~~^
        [self],
        ^^^^^^^
    ...<3 lines>...
        raw=raw,
        ^^^^^^^^
    )
    ^
  File "C:\Users\Usuar
io\AppData\Local\Progr
ams\Python\Python313\L
ib\site-packages\djang
o\db\models\manager.py
", line 87, in 
manager_method
    return getattr(sel
f.get_queryset(), 
name)(*args, **kwargs)
           ~~~~~~~~~~~
~~~~~~~~~~~~~~~~~~~~~~
~^^^^^^^^^^^^^^^^^
  File "C:\Users\Usuar
io\AppData\Local\Progr
ams\Python\Python313\L
ib\site-packages\djang
o\db\models\query.py",
 line 1868, in _insert
    return query.get_c
ompiler(using=using).e
xecute_sql(returning_f
ields)
           ~~~~~~~~~~~
~~~~~~~~~~~~~~~~~~~~~~
~~~~~~~~~~^^^^^^^^^^^^
^^^^^^
  File "C:\Users\Usuar
io\AppData\Local\Progr
ams\Python\Python313\L
ib\site-packages\djang
o\db\models\sql\compil
er.py", line 1881, in 
execute_sql
    for sql, params 
in self.as_sql():
                      
 ~~~~~~~~~~~^^
  File "C:\Users\Usuar
io\AppData\Local\Progr
ams\Python\Python313\L
ib\site-packages\djang
o\db\models\sql\compil
er.py", line 1806, in 
as_sql
    self.prepare_value
(field, self.pre_save_
val(field, obj))
                      
        ~~~~~~~~~~~~~~
~~~^^^^^^^^^^^^
  File "C:\Users\Usuar
io\AppData\Local\Progr
ams\Python\Python313\L
ib\site-packages\djang
o\db\models\sql\compil
er.py", line 1750, in 
pre_save_val
    return 
field.pre_save(obj, 
add=True)
           ~~~~~~~~~~~
~~~^^^^^^^^^^^^^^^
  File "C:\Users\Usuar
io\AppData\Local\Progr
ams\Python\Python313\L
ib\site-packages\djang
o\db\models\fields\fil
es.py", line 338, in 
pre_save
    
file.save(file.name, 
file.file, save=False)
    ~~~~~~~~~^^^^^^^^^
^^^^^^^^^^^^^^^^^^^^^^
^^^
Found 3 test(s).
System check identified no issues (0 silenced).
  File "C:\Users\Usuar
io\AppData\Local\Progr
ams\Python\Python313\L
ib\site-packages\djang
o\db\models\fields\fil
es.py", line 99, in 
save
    self.name = self.s
torage.save(name, 
content, max_length=se
lf.field.max_length)
                ~~~~~~
~~~~~~~~~~~^^^^^^^^^^^
^^^^^^^^^^^^^^^^^^^^^^
^^^^^^^^^^^^^^^^
  File "C:\Users\Usuar
io\AppData\Local\Progr
ams\Python\Python313\L
ib\site-packages\djang
o\core\files\storage\b
ase.py", line 49, in 
save
    name = 
self._save(name, 
content)
  File "C:\Users\Usuar
io\AppData\Local\Progr
ams\Python\Python313\L
ib\site-packages\djang
o\core\files\storage\f
ilesystem.py", line 
100, in _save
    os.makedirs(direct
ory, exist_ok=True)
    ~~~~~~~~~~~^^^^^^^
^^^^^^^^^^^^^^^^^^^
  File "<frozen os>", 
line 218, in makedirs
  File "<frozen os>", 
line 218, in makedirs
  File "<frozen os>", 
line 218, in makedirs
  [Previous line 
repeated 1 more time]
  File "<frozen os>", 
line 228, in makedirs
OSError: [WinError 
123] El nombre de 
archivo, el nombre de 
directorio o la 
sintaxis de la 
etiqueta del volumen 
no son correctos: 'C:\
\Users\\Usuario\\Deskt
op\\GARA\\StockManager
\\media\\qrcodes\\qr_h
ttp:'

======================
======================
======================
====
ERROR: test_qr_code_ge
nerated (stock.tests.I
temModelTest.test_qr_c
ode_generated)
----------------------
----------------------
----------------------
----
Traceback (most 
recent call last):
  File "C:\Users\Usuar
io\Desktop\GARA\StockM
anager\stock\tests.py"
, line 18, in 
test_qr_code_generated
    item = Item.object
s.create(name="Mouse",
 category=self.categor
y, quantity=5)
  File "C:\Users\Usuar
io\AppData\Local\Progr
ams\Python\Python313\L
ib\site-packages\djang
o\db\models\manager.py
", line 87, in 
manager_method
    return getattr(sel
f.get_queryset(), 
name)(*args, **kwargs)
           ~~~~~~~~~~~
~~~~~~~~~~~~~~~~~~~~~~
~^^^^^^^^^^^^^^^^^
  File "C:\Users\Usuar
io\AppData\Local\Progr
ams\Python\Python313\L
ib\site-packages\djang
o\db\models\query.py",
 line 663, in create
    obj.save(force_ins
ert=True, 
using=self.db)
    ~~~~~~~~^^^^^^^^^^
^^^^^^^^^^^^^^^^^^^^^^
^^
  File "C:\Users\Usuar
io\Desktop\GARA\StockM
anager\stock\models.py
", line 66, in save
    
super().save(*args, 
**kwargs)
    ~~~~~~~~~~~~^^^^^^
^^^^^^^^^^^
  File "C:\Users\Usuar
io\AppData\Local\Progr
ams\Python\Python313\L
ib\site-packages\djang
o\db\models\base.py", 
line 902, in save
    self.save_base(
    ~~~~~~~~~~~~~~^
        using=using,
        ^^^^^^^^^^^^
    ...<2 lines>...
        update_fields=
update_fields,
        ^^^^^^^^^^^^^^
^^^^^^^^^^^^^^
    )
    ^
  File "C:\Users\Usuar
io\AppData\Local\Progr
ams\Python\Python313\L
ib\site-packages\djang
o\db\models\base.py", 
line 1008, in 
save_base
    updated = 
self._save_table(
        raw,
    ...<4 lines>...
        update_fields,
    )
  File "C:\Users\Usuar
io\AppData\Local\Progr
ams\Python\Python313\L
ib\site-packages\djang
o\db\models\base.py", 
line 1169, in 
_save_table
    results = 
self._do_insert(
        
cls._base_manager, 
using, fields, 
returning_fields, raw
    )
  File "C:\Users\Usuar
io\AppData\Local\Progr
ams\Python\Python313\L
ib\site-packages\djang
o\db\models\base.py", 
line 1210, in 
_do_insert
    return 
manager._insert(
           
~~~~~~~~~~~~~~~^
        [self],
        ^^^^^^^
    ...<3 lines>...
        raw=raw,
        ^^^^^^^^
    )
    ^
  File "C:\Users\Usuar
io\AppData\Local\Progr
ams\Python\Python313\L
ib\site-packages\djang
o\db\models\manager.py
", line 87, in 
manager_method
    return getattr(sel
f.get_queryset(), 
name)(*args, **kwargs)
           ~~~~~~~~~~~
~~~~~~~~~~~~~~~~~~~~~~
~^^^^^^^^^^^^^^^^^
  File "C:\Users\Usuar
io\AppData\Local\Progr
ams\Python\Python313\L
ib\site-packages\djang
o\db\models\query.py",
 line 1868, in _insert
    return query.get_c
ompiler(using=using).e
xecute_sql(returning_f
ields)
           ~~~~~~~~~~~
~~~~~~~~~~~~~~~~~~~~~~
~~~~~~~~~~^^^^^^^^^^^^
^^^^^^
  File "C:\Users\Usuar
io\AppData\Local\Progr
ams\Python\Python313\L
ib\site-packages\djang
o\db\models\sql\compil
er.py", line 1881, in 
execute_sql
    for sql, params 
in self.as_sql():
                      
 ~~~~~~~~~~~^^
  File "C:\Users\Usuar
io\AppData\Local\Progr
ams\Python\Python313\L
ib\site-packages\djang
o\db\models\sql\compil
er.py", line 1806, in 
as_sql
    self.prepare_value
(field, self.pre_save_
val(field, obj))
                      
        ~~~~~~~~~~~~~~
~~~^^^^^^^^^^^^
  File "C:\Users\Usuar
io\AppData\Local\Progr
ams\Python\Python313\L
ib\site-packages\djang
o\db\models\sql\compil
er.py", line 1750, in 
pre_save_val
    return 
field.pre_save(obj, 
add=True)
           ~~~~~~~~~~~
~~~^^^^^^^^^^^^^^^
  File "C:\Users\Usuar
io\AppData\Local\Progr
ams\Python\Python313\L
ib\site-packages\djang
o\db\models\fields\fil
es.py", line 338, in 
pre_save
    
file.save(file.name, 
file.file, save=False)
    ~~~~~~~~~^^^^^^^^^
^^^^^^^^^^^^^^^^^^^^^^
^^^
  File "C:\Users\Usuar
io\AppData\Local\Progr
ams\Python\Python313\L
ib\site-packages\djang
o\db\models\fields\fil
es.py", line 99, in 
save
    self.name = self.s
torage.save(name, 
content, max_length=se
lf.field.max_length)
                ~~~~~~
~~~~~~~~~~~^^^^^^^^^^^
^^^^^^^^^^^^^^^^^^^^^^
^^^^^^^^^^^^^^^^
  File "C:\Users\Usuar
io\AppData\Local\Progr
ams\Python\Python313\L
ib\site-packages\djang
o\core\files\storage\b
ase.py", line 49, in 
save
    name = 
self._save(name, 
content)
  File "C:\Users\Usuar
io\AppData\Local\Progr
ams\Python\Python313\L
ib\site-packages\djang
o\core\files\storage\f
ilesystem.py", line 
100, in _save
    os.makedirs(direct
ory, exist_ok=True)
    ~~~~~~~~~~~^^^^^^^
^^^^^^^^^^^^^^^^^^^
  File "<frozen os>", 
line 218, in makedirs
  File "<frozen os>", 
line 218, in makedirs
  File "<frozen os>", 
line 218, in makedirs
  [Previous line 
repeated 1 more time]
  File "<frozen os>", 
line 228, in makedirs
OSError: [WinError 
123] El nombre de 
archivo, el nombre de 
directorio o la 
sintaxis de la 
etiqueta del volumen 
no son correctos: 'C:\
\Users\\Usuario\\Deskt
op\\GARA\\StockManager
\\media\\qrcodes\\qr_h
ttp:'

----------------------
----------------------
----------------------
----
Ran 3 tests in 0.270s

FAILED (errors=3)
Destroying test 
database for alias 
'default'...

